// Jest Snapshot v1, https://goo.gl/fbAQLP

exports[`convertToHtml with custom parseBlock option converts table 1`] = `"<table></table>"`;
