// Jest Snapshot v1, https://goo.gl/fbAQLP

exports[`convertToHtml with custom parseBlock option converts image with custom parseBlock function 1`] = `"<img>"`;
